{
  "usingComponents": {
    "index2": "/remaxVendors/components/d/index",
    "index10": "/remaxVendors/components/f/index"
  }
}