// Jest Snapshot v1, https://goo.gl/fbAQLP

exports[`TextArea render correctly 1`] = `
<textarea
  bindblur={[Function]}
  bindfocus={[Function]}
  bindinput={[Function]}
  bindtap={[Function]}
  class="class"
  fixed={false}
  focus={false}
  maxlength={-1}
  selectionEnd={999}
  selectionStart={999}
  value=""
/>
`;
