// Jest Snapshot v1, https://goo.gl/fbAQLP

exports[`props alias transform style prop correctly 1`] = `
Object {
  "style": "color:#ffffff;height:2rpx;",
}
`;
