{
  "component": true,
  "usingComponents": {
    "moduleB": "../moduleB/index"
  }
}
