{
  "usingComponents": {
    "a-0": "../components/a/index",
    "b-1": "../components/b/index",
    "c-2": "../components/c/index",
    "d-3": "../components/d/index",
    "e-4": "../components/e/index",
    "complex-5": "../components/complex/index",
    "my-plugin-6": "plugin://myPlugin/xx",
    "my-plugin-7": "plugin://myPlugin/dddd",
    "slot-8": "../components/slot/index"
  }
}