{
  "usingComponents": {
    "index0": "/remaxVendors/components/b/index"
  }
}