{
  "pages": [
    "pages/index",
    "pages/entry/index",
    "pages/turboPageDisabled"
  ],
  "window": {
    "defaultTitle": "Ali App",
    "titleBarColor": "#323239"
  }
}