{
  "pages": [
    "pages/index",
    "pages/about"
  ],
  "plugins": {
    "myPlugin": {
      "version": "0.8.1",
      "provider": "wxbcdf0f04295ab25e"
    }
  }
}