{
  "usingComponents": {
    "native-component-0": "../components/native-component/index"
  }
}