{
  "navigationBarBackgroundColor": "#323239",
  "navigationBarTitleText": "Baidu App",
  "usingComponents": {}
}