// Jest Snapshot v1, https://goo.gl/fbAQLP

exports[`Canvas render correctly 1`] = `
<canvas
  className="class"
  disableScroll={false}
/>
`;
