// Jest Snapshot v1, https://goo.gl/fbAQLP

exports[`Image render correctly 1`] = `
<image
  className="class"
  imageMenuPrevent={false}
  lazyLoad={false}
  mode="scaleToFill"
  webp={false}
/>
`;
