// Jest Snapshot v1, https://goo.gl/fbAQLP

exports[`RtcRoomItem render correctly 1`] = `<rtc-room-item />`;
