// Jest Snapshot v1, https://goo.gl/fbAQLP

exports[`Slider render correctly 1`] = `
<slider
  activeColor="#3c76ff"
  backgroundColor="#cccccc"
  blockColor="#ffffff"
  blockSize={24}
  disabled={false}
  max={100}
  min={0}
  showValue={false}
  step={1}
  value={0}
/>
`;
