// Jest Snapshot v1, https://goo.gl/fbAQLP

exports[`View render correctly 1`] = `
<view
  className="class"
  onLongTap={[Function]}
  onTap={[Function]}
  onTouchCancel={[Function]}
  onTouchEnd={[Function]}
  onTouchMove={[Function]}
  onTouchStart={[Function]}
>
  view
</view>
`;
