{
  "usingComponents": {
    "cjs-0": "../npm/cjs/index"
  }
}